Archive member included to satisfy reference by file (symbol)

C:/ST/STM32CubeIDE_1.13.2/STM32CubeIDE/plugins/com.st.stm32cube.ide.mcu.externaltools.gnu-tools-for-stm32.11.3.rel1.win32_1.1.1.202309131626/tools/bin/../lib/gcc/arm-none-eabi/11.3.1/../../../../arm-none-eabi/lib/thumb/v7-m/nofp\libc_nano.a(libc_a-exit.o)
                              C:/ST/STM32CubeIDE_1.13.2/STM32CubeIDE/plugins/com.st.stm32cube.ide.mcu.externaltools.gnu-tools-for-stm32.11.3.rel1.win32_1.1.1.202309131626/tools/bin/../lib/gcc/arm-none-eabi/11.3.1/../../../../arm-none-eabi/lib/thumb/v7-m/nofp/crt0.o (exit)
C:/ST/STM32CubeIDE_1.13.2/STM32CubeIDE/plugins/com.st.stm32cube.ide.mcu.externaltools.gnu-tools-for-stm32.11.3.rel1.win32_1.1.1.202309131626/tools/bin/../lib/gcc/arm-none-eabi/11.3.1/../../../../arm-none-eabi/lib/thumb/v7-m/nofp\libc_nano.a(libc_a-findfp.o)
                              C:/ST/STM32CubeIDE_1.13.2/STM32CubeIDE/plugins/com.st.stm32cube.ide.mcu.externaltools.gnu-tools-for-stm32.11.3.rel1.win32_1.1.1.202309131626/tools/bin/../lib/gcc/arm-none-eabi/11.3.1/../../../../arm-none-eabi/lib/thumb/v7-m/nofp\libc_nano.a(libc_a-exit.o) (__stdio_exit_handler)
C:/ST/STM32CubeIDE_1.13.2/STM32CubeIDE/plugins/com.st.stm32cube.ide.mcu.externaltools.gnu-tools-for-stm32.11.3.rel1.win32_1.1.1.202309131626/tools/bin/../lib/gcc/arm-none-eabi/11.3.1/../../../../arm-none-eabi/lib/thumb/v7-m/nofp\libc_nano.a(libc_a-fwalk.o)
                              C:/ST/STM32CubeIDE_1.13.2/STM32CubeIDE/plugins/com.st.stm32cube.ide.mcu.externaltools.gnu-tools-for-stm32.11.3.rel1.win32_1.1.1.202309131626/tools/bin/../lib/gcc/arm-none-eabi/11.3.1/../../../../arm-none-eabi/lib/thumb/v7-m/nofp\libc_nano.a(libc_a-findfp.o) (_fwalk_sglue)
C:/ST/STM32CubeIDE_1.13.2/STM32CubeIDE/plugins/com.st.stm32cube.ide.mcu.externaltools.gnu-tools-for-stm32.11.3.rel1.win32_1.1.1.202309131626/tools/bin/../lib/gcc/arm-none-eabi/11.3.1/../../../../arm-none-eabi/lib/thumb/v7-m/nofp\libc_nano.a(libc_a-stdio.o)
                              C:/ST/STM32CubeIDE_1.13.2/STM32CubeIDE/plugins/com.st.stm32cube.ide.mcu.externaltools.gnu-tools-for-stm32.11.3.rel1.win32_1.1.1.202309131626/tools/bin/../lib/gcc/arm-none-eabi/11.3.1/../../../../arm-none-eabi/lib/thumb/v7-m/nofp\libc_nano.a(libc_a-findfp.o) (__sread)
C:/ST/STM32CubeIDE_1.13.2/STM32CubeIDE/plugins/com.st.stm32cube.ide.mcu.externaltools.gnu-tools-for-stm32.11.3.rel1.win32_1.1.1.202309131626/tools/bin/../lib/gcc/arm-none-eabi/11.3.1/../../../../arm-none-eabi/lib/thumb/v7-m/nofp\libc_nano.a(libc_a-memset.o)
                              C:/ST/STM32CubeIDE_1.13.2/STM32CubeIDE/plugins/com.st.stm32cube.ide.mcu.externaltools.gnu-tools-for-stm32.11.3.rel1.win32_1.1.1.202309131626/tools/bin/../lib/gcc/arm-none-eabi/11.3.1/../../../../arm-none-eabi/lib/thumb/v7-m/nofp/crt0.o (memset)
C:/ST/STM32CubeIDE_1.13.2/STM32CubeIDE/plugins/com.st.stm32cube.ide.mcu.externaltools.gnu-tools-for-stm32.11.3.rel1.win32_1.1.1.202309131626/tools/bin/../lib/gcc/arm-none-eabi/11.3.1/../../../../arm-none-eabi/lib/thumb/v7-m/nofp\libc_nano.a(libc_a-closer.o)
                              C:/ST/STM32CubeIDE_1.13.2/STM32CubeIDE/plugins/com.st.stm32cube.ide.mcu.externaltools.gnu-tools-for-stm32.11.3.rel1.win32_1.1.1.202309131626/tools/bin/../lib/gcc/arm-none-eabi/11.3.1/../../../../arm-none-eabi/lib/thumb/v7-m/nofp\libc_nano.a(libc_a-stdio.o) (_close_r)
C:/ST/STM32CubeIDE_1.13.2/STM32CubeIDE/plugins/com.st.stm32cube.ide.mcu.externaltools.gnu-tools-for-stm32.11.3.rel1.win32_1.1.1.202309131626/tools/bin/../lib/gcc/arm-none-eabi/11.3.1/../../../../arm-none-eabi/lib/thumb/v7-m/nofp\libc_nano.a(libc_a-reent.o)
                              C:/ST/STM32CubeIDE_1.13.2/STM32CubeIDE/plugins/com.st.stm32cube.ide.mcu.externaltools.gnu-tools-for-stm32.11.3.rel1.win32_1.1.1.202309131626/tools/bin/../lib/gcc/arm-none-eabi/11.3.1/../../../../arm-none-eabi/lib/thumb/v7-m/nofp\libc_nano.a(libc_a-closer.o) (errno)
C:/ST/STM32CubeIDE_1.13.2/STM32CubeIDE/plugins/com.st.stm32cube.ide.mcu.externaltools.gnu-tools-for-stm32.11.3.rel1.win32_1.1.1.202309131626/tools/bin/../lib/gcc/arm-none-eabi/11.3.1/../../../../arm-none-eabi/lib/thumb/v7-m/nofp\libc_nano.a(libc_a-impure.o)
                              C:/ST/STM32CubeIDE_1.13.2/STM32CubeIDE/plugins/com.st.stm32cube.ide.mcu.externaltools.gnu-tools-for-stm32.11.3.rel1.win32_1.1.1.202309131626/tools/bin/../lib/gcc/arm-none-eabi/11.3.1/../../../../arm-none-eabi/lib/thumb/v7-m/nofp\libc_nano.a(libc_a-reent.o) (_impure_ptr)
C:/ST/STM32CubeIDE_1.13.2/STM32CubeIDE/plugins/com.st.stm32cube.ide.mcu.externaltools.gnu-tools-for-stm32.11.3.rel1.win32_1.1.1.202309131626/tools/bin/../lib/gcc/arm-none-eabi/11.3.1/../../../../arm-none-eabi/lib/thumb/v7-m/nofp\libc_nano.a(libc_a-lseekr.o)
[...]
Memory Configuration

Name             Origin             Length             Attributes
RAM              0x0000000020000000 0x0000000000005000 xrw
FLASH            0x0000000008000000 0x0000000000010000 xr
*default*        0x0000000000000000 0xffffffffffffffff

Linker script and memory map

LOAD C:/ST/STM32CubeIDE_1.13.2/STM32CubeIDE/plugins/com.st.stm32cube.ide.mcu.externaltools.gnu-tools-for-stm32.11.3.rel1.win32_1.1.1.202309131626/tools/bin/../lib/gcc/arm-none-eabi/11.3.1/thumb/v7-m/nofp/crti.o
LOAD C:/ST/STM32CubeIDE_1.13.2/STM32CubeIDE/plugins/com.st.stm32cube.ide.mcu.externaltools.gnu-tools-for-stm32.11.3.rel1.win32_1.1.1.202309131626/tools/bin/../lib/gcc/arm-none-eabi/11.3.1/thumb/v7-m/nofp/crtbegin.o
LOAD C:/ST/STM32CubeIDE_1.13.2/STM32CubeIDE/plugins/com.st.stm32cube.ide.mcu.externaltools.gnu-tools-for-stm32.11.3.rel1.win32_1.1.1.202309131626/tools/bin/../lib/gcc/arm-none-eabi/11.3.1/../../../../arm-none-eabi/lib/thumb/v7-m/nofp/crt0.o
LOAD ./Src/7_segmant.o
LOAD ./Src/Delay.o
LOAD ./Src/GPIO.o
LOAD ./Src/NVIC.o
LOAD ./Src/RCC.o
LOAD ./Src/Systick.o
LOAD ./Src/app.o
LOAD ./Src/keypad.o
LOAD ./Src/main.o
LOAD ./Src/syscalls.o
LOAD ./Src/sysmem.o
LOAD ./Startup/startup_stm32f103c8tx.o
START GROUP
LOAD C:/ST/STM32CubeIDE_1.13.2/STM32CubeIDE/plugins/com.st.stm32cube.ide.mcu.externaltools.gnu-tools-for-stm32.11.3.rel1.win32_1.1.1.202309131626/tools/bin/../lib/gcc/arm-none-eabi/11.3.1/../../../../arm-none-eabi/lib/thumb/v7-m/nofp\libc_nano.a
LOAD C:/ST/STM32CubeIDE_1.13.2/STM32CubeIDE/plugins/com.st.stm32cube.ide.mcu.externaltools.gnu-tools-for-stm32.11.3.rel1.win32_1.1.1.202309131626/tools/bin/../lib/gcc/arm-none-eabi/11.3.1/../../../../arm-none-eabi/lib/thumb/v7-m/nofp\libm.a
END GROUP
START GROUP
LOAD C:/ST/STM32CubeIDE_1.13.2/STM32CubeIDE/plugins/com.st.stm32cube.ide.mcu.externaltools.gnu-tools-for-stm32.11.3.rel1.win32_1.1.1.202309131626/tools/bin/../lib/gcc/arm-none-eabi/11.3.1/thumb/v7-m/nofp\libgcc.a
LOAD C:/ST/STM32CubeIDE_1.13.2/STM32CubeIDE/plugins/com.st.stm32cube.ide.mcu.externaltools.gnu-tools-for-stm32.11.3.rel1.win32_1.1.1.202309131626/tools/bin/../lib/gcc/arm-none-eabi/11.3.1/../../../../arm-none-eabi/lib/thumb/v7-m/nofp\libc_nano.a
END GROUP
START GROUP
LOAD C:/ST/STM32CubeIDE_1.13.2/STM32CubeIDE/plugins/com.st.stm32cube.ide.mcu.externaltools.gnu-tools-for-stm32.11.3.rel1.win32_1.1.1.202309131626/tools/bin/../lib/gcc/arm-none-eabi/11.3.1/thumb/v7-m/nofp\libgcc.a
LOAD C:/ST/STM32CubeIDE_1.13.2/STM32CubeIDE/plugins/com.st.stm32cube.ide.mcu.externaltools.gnu-tools-for-stm32.11.3.rel1.win32_1.1.1.202309131626/tools/bin/../lib/gcc/arm-none-eabi/11.3.1/../../../../arm-none-eabi/lib/thumb/v7-m/nofp\libc_nano.a
LOAD C:/ST/STM32CubeIDE_1.13.2/STM32CubeIDE/plugins/com.st.stm32cube.ide.mcu.externaltools.gnu-tools-for-stm32.11.3.rel1.win32_1.1.1.202309131626/tools/bin/../lib/gcc/arm-none-eabi/11.3.1/../../../../arm-none-eabi/lib/thumb/v7-m/nofp\libnosys.a
END GROUP
START GROUP
LOAD C:/ST/STM32CubeIDE_1.13.2/STM32CubeIDE/plugins/com.st.stm32cube.ide.mcu.externaltools.gnu-tools-for-stm32.11.3.rel1.win32_1.1.1.202309131626/tools/bin/../lib/gcc/arm-none-eabi/11.3.1/thumb/v7-m/nofp\libgcc.a
LOAD C:/ST/STM32CubeIDE_1.13.2/STM32CubeIDE/plugins/com.st.stm32cube.ide.mcu.externaltools.gnu-tools-for-stm32.11.3.rel1.win32_1.1.1.202309131626/tools/bin/../lib/gcc/arm-none-eabi/11.3.1/../../../../arm-none-eabi/lib/thumb/v7-m/nofp\libc_nano.a
LOAD C:/ST/STM32CubeIDE_1.13.2/STM32CubeIDE/plugins/com.st.stm32cube.ide.mcu.externaltools.gnu-tools-for-stm32.11.3.rel1.win32_1.1.1.202309131626/tools/bin/../lib/gcc/arm-none-eabi/11.3.1/../../../../arm-none-eabi/lib/thumb/v7-m/nofp\libnosys.a
END GROUP
LOAD C:/ST/STM32CubeIDE_1.13.2/STM32CubeIDE/plugins/com.st.stm32cube.ide.mcu.externaltools.gnu-tools-for-stm32.11.3.rel1.win32_1.1.1.202309131626/tools/bin/../lib/gcc/arm-none-eabi/11.3.1/thumb/v7-m/nofp/crtend.o
LOAD C:/ST/STM32CubeIDE_1.13.2/STM32CubeIDE/plugins/com.st.stm32cube.ide.mcu.externaltools.gnu-tools-for-stm32.11.3.rel1.win32_1.1.1.202309131626/tools/bin/../lib/gcc/arm-none-eabi/11.3.1/thumb/v7-m/nofp/crtn.o
                0x0000000020005000                _estack = (ORIGIN (RAM) + LENGTH (RAM))
                0x0000000000000200                _Min_Heap_Size = 0x200
                0x0000000000000400                _Min_Stack_Size = 0x400

.isr_vector     0x0000000008000000      0x130
                0x0000000008000000                . = ALIGN (0x4)
 *(.isr_vector)
 .isr_vector    0x0000000008000000      0x130 ./Startup/startup_stm32f103c8tx.o
                0x0000000008000000                g_pfnVectors
                0x0000000008000130                . = ALIGN (0x4)

.text           0x0000000008000130     0x16f4
                0x0000000008000130                . = ALIGN (0x4)
 *(.text)
 .text          0x0000000008000130       0x40 C:/ST/STM32CubeIDE_1.13.2/STM32CubeIDE/plugins/com.st.stm32cube.ide.mcu.externaltools.gnu-tools-for-stm32.11.3.rel1.win32_1.1.1.202309131626/tools/bin/../lib/gcc/arm-none-eabi/11.3.1/thumb/v7-m/nofp/crtbegin.o
 .text          0x0000000008000170      0x21c C:/ST/STM32CubeIDE_1.13.2/STM32CubeIDE/plugins/com.st.stm32cube.ide.mcu.externaltools.gnu-tools-for-stm32.11.3.rel1.win32_1.1.1.202309131626/tools/bin/../lib/gcc/arm-none-eabi/11.3.1/thumb/v7-m/nofp\libgcc.a(_arm_addsubsf3.o)
                0x0000000008000170                __aeabi_frsub
                0x0000000008000178                __subsf3
                0x0000000008000178                __aeabi_fsub
                0x000000000800017c                __aeabi_fadd
                0x000000000800017c                __addsf3
                0x00000000080002dc                __aeabi_ui2f
                0x00000000080002dc                __floatunsisf
                0x00000000080002e4                __aeabi_i2f
                0x00000000080002e4                __floatsisf
                0x0000000008000300                __aeabi_ul2f
                0x0000000008000300                __floatundisf
                0x0000000008000310                __aeabi_l2f
                0x0000000008000310                __floatdisf
 .text          0x000000000800038c      0x2a0 C:/ST/STM32CubeIDE_1.13.2/STM32CubeIDE/plugins/com.st.stm32cube.ide.mcu.externaltools.gnu-tools-for-stm32.11.3.rel1.win32_1.1.1.202309131626/tools/bin/../lib/gcc/arm-none-eabi/11.3.1/thumb/v7-m/nofp\libgcc.a(_arm_muldivsf3.o)
                0x000000000800038c                __mulsf3
                0x000000000800038c                __aeabi_fmul
                0x00000000080004f4                __aeabi_fdiv
                0x00000000080004f4                __divsf3
 .text          0x000000000800062c       0x40 C:/ST/STM32CubeIDE_1.13.2/STM32CubeIDE/plugins/com.st.stm32cube.ide.mcu.externaltools.gnu-tools-for-stm32.11.3.rel1.win32_1.1.1.202309131626/tools/bin/../lib/gcc/arm-none-eabi/11.3.1/thumb/v7-m/nofp\libgcc.a(_arm_fixunssfsi.o)
                0x000000000800062c                __fixunssfsi
                0x000000000800062c                __aeabi_f2uiz
 *(.text*)
 .text.Init_Segmant
                0x000000000800066c       0x80 ./Src/7_segmant.o
                0x000000000800066c                Init_Segmant
 .text.Segmant_Display
                0x00000000080006ec      0x1ec ./Src/7_segmant.o
                0x00000000080006ec                Segmant_Display
 .text.select   0x00000000080008d8       0xa0 ./Src/7_segmant.o
                0x00000000080008d8                select
 .text._delay_ms
                0x0000000008000978       0x68 ./Src/Delay.o
                0x0000000008000978                _delay_ms
 .text.DIO_voidSetPinDirection
                0x00000000080009e0      0x35c ./Src/GPIO.o
                0x00000000080009e0                DIO_voidSetPinDirection
 .text.DIO_voidSetPinValue
                0x0000000008000d3c       0xf4 ./Src/GPIO.o
                0x0000000008000d3c                DIO_voidSetPinValue
 .text.DIO_u8GetPinValue
                0x0000000008000e30       0x78 ./Src/GPIO.o
                0x0000000008000e30                DIO_u8GetPinValue
 .text.MRCC_voidInit
                0x0000000008000ea8       0x40 ./Src/RCC.o
                0x0000000008000ea8                MRCC_voidInit
 .text.MRCC_enumSetPeripheralClock
                0x0000000008000ee8      0x130 ./Src/RCC.o
                0x0000000008000ee8                MRCC_enumSetPeripheralClock
 .text.SYSTICK_Init
                0x0000000008001018       0x2c ./Src/Systick.o
                0x0000000008001018                SYSTICK_Init
 .text.SYSTICK_Start
                0x0000000008001044       0x20 ./Src/Systick.o
                0x0000000008001044                SYSTICK_Start
 .text.SYSTICK_Stop
                0x0000000008001064       0x20 ./Src/Systick.o
                0x0000000008001064                SYSTICK_Stop
 .text.SYSTICK_SetCallback
                0x0000000008001084       0x20 ./Src/Systick.o
                0x0000000008001084                SYSTICK_SetCallback
 .text.SYSTICK_SetTime
                0x00000000080010a4       0x28 ./Src/Systick.o
                0x00000000080010a4                SYSTICK_SetTime
 .text.SysTick_Handler
                0x00000000080010cc       0x18 ./Src/Systick.o
                0x00000000080010cc                SysTick_Handler
 .text.stop_watch
                0x00000000080010e4      0x130 ./Src/app.o
                0x00000000080010e4                stop_watch
 .text.C_pressed
                0x0000000008001214       0x38 ./Src/app.o
                0x0000000008001214                C_pressed
 .text.S_pressed
                0x000000000800124c       0x1c ./Src/app.o
                0x000000000800124c                S_pressed
 .text.E_pressed
                0x0000000008001268       0x2c ./Src/app.o
                0x0000000008001268                E_pressed
 .text.left_pressed
                0x0000000008001294       0x3c ./Src/app.o
                0x0000000008001294                left_pressed
 .text.right_pressed
                0x00000000080012d0       0x3c ./Src/app.o
                0x00000000080012d0                right_pressed
 .text.Init_leds
                0x000000000800130c       0x30 ./Src/app.o
                0x000000000800130c                Init_leds
 .text.led_val  0x000000000800133c       0x56 ./Src/app.o
                0x000000000800133c                led_val
 *fill*         0x0000000008001392        0x2 
 .text.leds     0x0000000008001394       0x88 ./Src/app.o
                0x0000000008001394                leds
 .text.num_pressed
                0x000000000800141c       0x5c ./Src/app.o
                0x000000000800141c                num_pressed
 .text.inc_watch
                0x0000000008001478       0xe8 ./Src/app.o
                0x0000000008001478                inc_watch
 .text.Keypad_init
                0x0000000008001560       0x80 ./Src/keypad.o
                0x0000000008001560                Keypad_init
 .text.Keypad_get_pressed_key
                0x00000000080015e0       0xcc ./Src/keypad.o
                0x00000000080015e0                Keypad_get_pressed_key
 .text.main     0x00000000080016ac       0x9c ./Src/main.o
                0x00000000080016ac                main
 .text.toggle_led
                0x0000000008001748       0x28 ./Src/main.o
                0x0000000008001748                toggle_led
 .text.Reset_Handler
                0x0000000008001770       0x50 ./Startup/startup_stm32f103c8tx.o
                0x0000000008001770                Reset_Handler
 .text.Default_Handler
                0x00000000080017c0        0x2 ./Startup/startup_stm32f103c8tx.o
                0x00000000080017c0                EXTI2_IRQHandler
                0x00000000080017c0                TIM8_TRG_COM_IRQHandler
                0x00000000080017c0                TIM8_CC_IRQHandler
                0x00000000080017c0                DebugMon_Handler
                0x00000000080017c0                TIM1_CC_IRQHandler
                0x00000000080017c0                HardFault_Handler
                0x00000000080017c0                TIM6_IRQHandler
                0x00000000080017c0                PVD_IRQHandler
                0x00000000080017c0                SDIO_IRQHandler
                0x00000000080017c0                PendSV_Handler
                0x00000000080017c0                NMI_Handler
                0x00000000080017c0                EXTI3_IRQHandler
                0x00000000080017c0                USB_HP_CAN_TX_IRQHandler
                0x00000000080017c0                EXTI0_IRQHandler
                0x00000000080017c0                I2C2_EV_IRQHandler
                0x00000000080017c0                UsageFault_Handler
                0x00000000080017c0                ADC1_2_IRQHandler
                0x00000000080017c0                SPI1_IRQHandler
                0x00000000080017c0                CAN_SCE_IRQHandler
                0x00000000080017c0                TAMPER_IRQHandler
                0x00000000080017c0                TIM8_UP_IRQHandler
                0x00000000080017c0                DMA2_Channel2_IRQHandler
                0x00000000080017c0                DMA1_Channel4_IRQHandler
                0x00000000080017c0                USART3_IRQHandler
                0x00000000080017c0                RTC_IRQHandler
                0x00000000080017c0                DMA1_Channel7_IRQHandler
                0x00000000080017c0                UART5_IRQHandler
                0x00000000080017c0                ADC3_IRQHandler
                0x00000000080017c0                TIM4_IRQHandler
                0x00000000080017c0                CAN_RX1_IRQHandler
                0x00000000080017c0                DMA2_Channel1_IRQHandler
                0x00000000080017c0                I2C1_EV_IRQHandler
                0x00000000080017c0                DMA1_Channel6_IRQHandler
                0x00000000080017c0                UART4_IRQHandler
                0x00000000080017c0                TIM3_IRQHandler
                0x00000000080017c0                RCC_IRQHandler
                0x00000000080017c0                TIM1_TRG_COM_IRQHandler
                0x00000000080017c0                DMA1_Channel1_IRQHandler
                0x00000000080017c0                Default_Handler
                0x00000000080017c0                EXTI15_10_IRQHandler
                0x00000000080017c0                TIM7_IRQHandler
                0x00000000080017c0                TIM5_IRQHandler
                0x00000000080017c0                EXTI9_5_IRQHandler
                0x00000000080017c0                SPI2_IRQHandler
                0x00000000080017c0                USB_LP_CAN_RX0_IRQHandler
                0x00000000080017c0                MemManage_Handler
                0x00000000080017c0                SVC_Handler
                0x00000000080017c0                DMA1_Channel5_IRQHandler
                0x00000000080017c0                EXTI4_IRQHandler
                0x00000000080017c0                DMA1_Channel3_IRQHandler
                0x00000000080017c0                FSMC_IRQHandler
                0x00000000080017c0                TIM1_UP_IRQHandler
                0x00000000080017c0                WWDG_IRQHandler
                0x00000000080017c0                TIM2_IRQHandler
                0x00000000080017c0                TIM1_BRK_IRQHandler
                0x00000000080017c0                EXTI1_IRQHandler
                0x00000000080017c0                RTCAlarm_IRQHandler
                0x00000000080017c0                DMA2_Channel4_5_IRQHandler
                0x00000000080017c0                USART2_IRQHandler
                0x00000000080017c0                I2C2_ER_IRQHandler
                0x00000000080017c0                DMA1_Channel2_IRQHandler
                0x00000000080017c0                TIM8_BRK_IRQHandler
                0x00000000080017c0                FLASH_IRQHandler
                0x00000000080017c0                BusFault_Handler
                0x00000000080017c0                USART1_IRQHandler
                0x00000000080017c0                SPI3_IRQHandler
                0x00000000080017c0                I2C1_ER_IRQHandler
                0x00000000080017c0                DMA2_Channel3_IRQHandler
 *fill*         0x00000000080017c2        0x2 
 .text.__libc_init_array
                0x00000000080017c4       0x48 C:/ST/STM32CubeIDE_1.13.2/STM32CubeIDE/plugins/com.st.stm32cube.ide.mcu.externaltools.gnu-tools-for-stm32.11.3.rel1.win32_1.1.1.202309131626/tools/bin/../lib/gcc/arm-none-eabi/11.3.1/../../../../arm-none-eabi/lib/thumb/v7-m/nofp\libc_nano.a(libc_a-init.o)
                0x00000000080017c4                __libc_init_array
 *(.glue_7)
 .glue_7        0x000000000800180c        0x0 linker stubs
 *(.glue_7t)
 .glue_7t       0x000000000800180c        0x0 linker stubs
 *(.eh_frame)
 .eh_frame      0x000000000800180c        0x0 C:/ST/STM32CubeIDE_1.13.2/STM32CubeIDE/plugins/com.st.stm32cube.ide.mcu.externaltools.gnu-tools-for-stm32.11.3.rel1.win32_1.1.1.202309131626/tools/bin/../lib/gcc/arm-none-eabi/11.3.1/thumb/v7-m/nofp/crtbegin.o
 *(.init)
 .init          0x000000000800180c        0x4 C:/ST/STM32CubeIDE_1.13.2/STM32CubeIDE/plugins/com.st.stm32cube.ide.mcu.externaltools.gnu-tools-for-stm32.11.3.rel1.win32_1.1.1.202309131626/tools/bin/../lib/gcc/arm-none-eabi/11.3.1/thumb/v7-m/nofp/crti.o
                0x000000000800180c                _init
 .init          0x0000000008001810        0x8 C:/ST/STM32CubeIDE_1.13.2/STM32CubeIDE/plugins/com.st.stm32cube.ide.mcu.externaltools.gnu-tools-for-stm32.11.3.rel1.win32_1.1.1.202309131626/tools/bin/../lib/gcc/arm-none-eabi/11.3.1/thumb/v7-m/nofp/crtn.o
 *(.fini)
 .fini          0x0000000008001818        0x4 C:/ST/STM32CubeIDE_1.13.2/STM32CubeIDE/plugins/com.st.stm32cube.ide.mcu.externaltools.gnu-tools-for-stm32.11.3.rel1.win32_1.1.1.202309131626/tools/bin/../lib/gcc/arm-none-eabi/11.3.1/thumb/v7-m/nofp/crti.o
                0x0000000008001818                _fini
 .fini          0x000000000800181c        0x8 C:/ST/STM32CubeIDE_1.13.2/STM32CubeIDE/plugins/com.st.stm32cube.ide.mcu.externaltools.gnu-tools-for-stm32.11.3.rel1.win32_1.1.1.202309131626/tools/bin/../lib/gcc/arm-none-eabi/11.3.1/thumb/v7-m/nofp/crtn.o
                0x0000000008001824                . = ALIGN (0x4)
                0x0000000008001824                _etext = .

.vfp11_veneer   0x0000000008001824        0x0
 .vfp11_veneer  0x0000000008001824        0x0 linker stubs

.v4_bx          0x0000000008001824        0x0
 .v4_bx         0x0000000008001824        0x0 linker stubs

.iplt           0x0000000008001824        0x0
 .iplt          0x0000000008001824        0x0 C:/ST/STM32CubeIDE_1.13.2/STM32CubeIDE/plugins/com.st.stm32cube.ide.mcu.externaltools.gnu-tools-for-stm32.11.3.rel1.win32_1.1.1.202309131626/tools/bin/../lib/gcc/arm-none-eabi/11.3.1/thumb/v7-m/nofp/crtbegin.o

.rel.dyn        0x0000000008001824        0x0
 .rel.iplt      0x0000000008001824        0x0 C:/ST/STM32CubeIDE_1.13.2/STM32CubeIDE/plugins/com.st.stm32cube.ide.mcu.externaltools.gnu-tools-for-stm32.11.3.rel1.win32_1.1.1.202309131626/tools/bin/../lib/gcc/arm-none-eabi/11.3.1/thumb/v7-m/nofp/crtbegin.o

.rodata         0x0000000008001824        0x0
                0x0000000008001824                . = ALIGN (0x4)
 *(.rodata)
 *(.rodata*)
                0x0000000008001824                . = ALIGN (0x4)

.ARM.extab      0x0000000008001824        0x0
                0x0000000008001824                . = ALIGN (0x4)
 *(.ARM.extab* .gnu.linkonce.armextab.*)
                0x0000000008001824                . = ALIGN (0x4)

.ARM            0x0000000008001824        0x0
                0x0000000008001824                . = ALIGN (0x4)
                0x0000000008001824                __exidx_start = .
 *(.ARM.exidx*)
                0x0000000008001824                __exidx_end = .
                0x0000000008001824                . = ALIGN (0x4)

.preinit_array  0x0000000008001824        0x0
                0x0000000008001824                . = ALIGN (0x4)
                0x0000000008001824                PROVIDE (__preinit_array_start = .)
 *(.preinit_array*)
                0x0000000008001824                PROVIDE (__preinit_array_end = .)
                0x0000000008001824                . = ALIGN (0x4)

.init_array     0x0000000008001824        0x4
                0x0000000008001824                . = ALIGN (0x4)
                0x0000000008001824                PROVIDE (__init_array_start = .)
 *(SORT_BY_NAME(.init_array.*))
 *(.init_array*)
 .init_array    0x0000000008001824        0x4 C:/ST/STM32CubeIDE_1.13.2/STM32CubeIDE/plugins/com.st.stm32cube.ide.mcu.externaltools.gnu-tools-for-stm32.11.3.rel1.win32_1.1.1.202309131626/tools/bin/../lib/gcc/arm-none-eabi/11.3.1/thumb/v7-m/nofp/crtbegin.o
                0x0000000008001828                PROVIDE (__init_array_end = .)
                0x0000000008001828                . = ALIGN (0x4)

.fini_array     0x0000000008001828        0x4
                0x0000000008001828                . = ALIGN (0x4)
                [!provide]                        PROVIDE (__fini_array_start = .)
 *(SORT_BY_NAME(.fini_array.*))
 *(.fini_array*)
 .fini_array    0x0000000008001828        0x4 C:/ST/STM32CubeIDE_1.13.2/STM32CubeIDE/plugins/com.st.stm32cube.ide.mcu.externaltools.gnu-tools-for-stm32.11.3.rel1.win32_1.1.1.202309131626/tools/bin/../lib/gcc/arm-none-eabi/11.3.1/thumb/v7-m/nofp/crtbegin.o
                [!provide]                        PROVIDE (__fini_array_end = .)
                0x000000000800182c                . = ALIGN (0x4)
                0x000000000800182c                _sidata = LOADADDR (.data)

.data           0x0000000020000000       0x18 load address 0x000000000800182c
                0x0000000020000000                . = ALIGN (0x4)
                0x0000000020000000                _sdata = .
 *(.data)
 *(.data*)
 .data.keypad   0x0000000020000000       0x10 ./Src/keypad.o
                0x0000000020000000                keypad
 .data.keypad_row_arr
                0x0000000020000010        0x4 ./Src/keypad.o
                0x0000000020000010                keypad_row_arr
 .data.keypad_col_arr
                0x0000000020000014        0x4 ./Src/keypad.o
                0x0000000020000014                keypad_col_arr
 *(.RamFunc)
 *(.RamFunc*)
                0x0000000020000018                . = ALIGN (0x4)
                0x0000000020000018                _edata = .

.igot.plt       0x0000000020000018        0x0 load address 0x0000000008001844
 .igot.plt      0x0000000020000018        0x0 C:/ST/STM32CubeIDE_1.13.2/STM32CubeIDE/plugins/com.st.stm32cube.ide.mcu.externaltools.gnu-tools-for-stm32.11.3.rel1.win32_1.1.1.202309131626/tools/bin/../lib/gcc/arm-none-eabi/11.3.1/thumb/v7-m/nofp/crtbegin.o
                0x0000000020000018                . = ALIGN (0x4)

.bss            0x0000000020000018       0x28 load address 0x0000000008001844
                0x0000000020000018                _sbss = .
                0x0000000020000018                __bss_start__ = _sbss
 *(.bss)
 .bss           0x0000000020000018       0x1c C:/ST/STM32CubeIDE_1.13.2/STM32CubeIDE/plugins/com.st.stm32cube.ide.mcu.externaltools.gnu-tools-for-stm32.11.3.rel1.win32_1.1.1.202309131626/tools/bin/../lib/gcc/arm-none-eabi/11.3.1/thumb/v7-m/nofp/crtbegin.o
 *(.bss*)
 .bss.APPcbf    0x0000000020000034        0x4 ./Src/Systick.o
                0x0000000020000034                APPcbf
 .bss.flag      0x0000000020000038        0x1 ./Src/Systick.o
                0x0000000020000038                flag
 .bss.edit      0x0000000020000039        0x1 ./Src/app.o
                0x0000000020000039                edit
 .bss.seg_edit  0x000000002000003a        0x1 ./Src/app.o
                0x000000002000003a                seg_edit
 *fill*         0x000000002000003b        0x1 
 .bss.digits    0x000000002000003c        0x4 ./Src/main.o
                0x000000002000003c                digits
 *(COMMON)
                0x0000000020000040                . = ALIGN (0x4)
                0x0000000020000040                _ebss = .
                0x0000000020000040                __bss_end__ = _ebss

._user_heap_stack
                0x0000000020000040      0x600 load address 0x0000000008001844
                0x0000000020000040                . = ALIGN (0x8)
                [!provide]                        PROVIDE (end = .)
                0x0000000020000040                PROVIDE (_end = .)
                0x0000000020000240                . = (. + _Min_Heap_Size)
 *fill*         0x0000000020000040      0x200 
                0x0000000020000640                . = (. + _Min_Stack_Size)
 *fill*         0x0000000020000240      0x400 
                0x0000000020000640                . = ALIGN (0x8)

/DISCARD/
 libc.a(*)
 libm.a(*)
 libgcc.a(*)

.ARM.attributes
                0x0000000000000000       0x29
 *(.ARM.attributes)
 .ARM.attributes
                0x0000000000000000       0x1d C:/ST/STM32CubeIDE_1.13.2/STM32CubeIDE/plugins/com.st.stm32cube.ide.mcu.externaltools.gnu-tools-for-stm32.11.3.rel1.win32_1.1.1.202309131626/tools/bin/../lib/gcc/arm-none-eabi/11.3.1/thumb/v7-m/nofp/crti.o
 .ARM.attributes
                0x000000000000001d       0x2d C:/ST/STM32CubeIDE_1.13.2/STM32CubeIDE/plugins/com.st.stm32cube.ide.mcu.externaltools.gnu-tools-for-stm32.11.3.rel1.win32_1.1.1.202309131626/tools/bin/../lib/gcc/arm-none-eabi/11.3.1/thumb/v7-m/nofp/crtbegin.o
 .ARM.attributes
                0x000000000000004a       0x2d ./Src/7_segmant.o
 .ARM.attributes
                0x0000000000000077       0x2d ./Src/Delay.o
 .ARM.attributes
                0x00000000000000a4       0x2d ./Src/GPIO.o
 .ARM.attributes
                0x00000000000000d1       0x2d ./Src/RCC.o
 .ARM.attributes
                0x00000000000000fe       0x2d ./Src/Systick.o
 .ARM.attributes
                0x000000000000012b       0x2d ./Src/app.o
 .ARM.attributes
                0x0000000000000158       0x2d ./Src/keypad.o
 .ARM.attributes
                0x0000000000000185       0x2d ./Src/main.o
 .ARM.attributes
                0x00000000000001b2       0x21 ./Startup/startup_stm32f103c8tx.o
 .ARM.attributes
                0x00000000000001d3       0x2d C:/ST/STM32CubeIDE_1.13.2/STM32CubeIDE/plugins/com.st.stm32cube.ide.mcu.externaltools.gnu-tools-for-stm32.11.3.rel1.win32_1.1.1.202309131626/tools/bin/../lib/gcc/arm-none-eabi/11.3.1/../../../../arm-none-eabi/lib/thumb/v7-m/nofp\libc_nano.a(libc_a-init.o)
 .ARM.attributes
                0x0000000000000200       0x1d C:/ST/STM32CubeIDE_1.13.2/STM32CubeIDE/plugins/com.st.stm32cube.ide.mcu.externaltools.gnu-tools-for-stm32.11.3.rel1.win32_1.1.1.202309131626/tools/bin/../lib/gcc/arm-none-eabi/11.3.1/thumb/v7-m/nofp\libgcc.a(_arm_addsubsf3.o)
 .ARM.attributes
                0x000000000000021d       0x1d C:/ST/STM32CubeIDE_1.13.2/STM32CubeIDE/plugins/com.st.stm32cube.ide.mcu.externaltools.gnu-tools-for-stm32.11.3.rel1.win32_1.1.1.202309131626/tools/bin/../lib/gcc/arm-none-eabi/11.3.1/thumb/v7-m/nofp\libgcc.a(_arm_muldivsf3.o)
 .ARM.attributes
                0x000000000000023a       0x1d C:/ST/STM32CubeIDE_1.13.2/STM32CubeIDE/plugins/com.st.stm32cube.ide.mcu.externaltools.gnu-tools-for-stm32.11.3.rel1.win32_1.1.1.202309131626/tools/bin/../lib/gcc/arm-none-eabi/11.3.1/thumb/v7-m/nofp\libgcc.a(_arm_fixunssfsi.o)
 .ARM.attributes
                0x0000000000000257       0x1d C:/ST/STM32CubeIDE_1.13.2/STM32CubeIDE/plugins/com.st.stm32cube.ide.mcu.externaltools.gnu-tools-for-stm32.11.3.rel1.win32_1.1.1.202309131626/tools/bin/../lib/gcc/arm-none-eabi/11.3.1/thumb/v7-m/nofp/crtn.o
OUTPUT(stop_watch.elf elf32-littlearm)
LOAD linker stubs
LOAD C:/ST/STM32CubeIDE_1.13.2/STM32CubeIDE/plugins/com.st.stm32cube.ide.mcu.externaltools.gnu-tools-for-stm32.11.3.rel1.win32_1.1.1.202309131626/tools/bin/../lib/gcc/arm-none-eabi/11.3.1/../../../../arm-none-eabi/lib/thumb/v7-m/nofp\libc.a
LOAD C:/ST/STM32CubeIDE_1.13.2/STM32CubeIDE/plugins/com.st.stm32cube.ide.mcu.externaltools.gnu-tools-for-stm32.11.3.rel1.win32_1.1.1.202309131626/tools/bin/../lib/gcc/arm-none-eabi/11.3.1/../../../../arm-none-eabi/lib/thumb/v7-m/nofp\libm.a
LOAD C:/ST/STM32CubeIDE_1.13.2/STM32CubeIDE/plugins/com.st.stm32cube.ide.mcu.externaltools.gnu-tools-for-stm32.11.3.rel1.win32_1.1.1.202309131626/tools/bin/../lib/gcc/arm-none-eabi/11.3.1/thumb/v7-m/nofp\libgcc.a

.comment        0x0000000000000000       0x43
 .comment       0x0000000000000000       0x43 C:/ST/STM32CubeIDE_1.13.2/STM32CubeIDE/plugins/com.st.stm32cube.ide.mcu.externaltools.gnu-tools-for-stm32.11.3.rel1.win32_1.1.1.202309131626/tools/bin/../lib/gcc/arm-none-eabi/11.3.1/thumb/v7-m/nofp/crtbegin.o
                                         0x44 (size before relaxing)
 .comment       0x0000000000000043       0x44 ./Src/7_segmant.o
 .comment       0x0000000000000043       0x44 ./Src/Delay.o
 .comment       0x0000000000000043       0x44 ./Src/GPIO.o
 .comment       0x0000000000000043       0x44 ./Src/RCC.o
 .comment       0x0000000000000043       0x44 ./Src/Systick.o
 .comment       0x0000000000000043       0x44 ./Src/app.o
 .comment       0x0000000000000043       0x44 ./Src/keypad.o
 .comment       0x0000000000000043       0x44 ./Src/main.o

.debug_info     0x0000000000000000      0xe6c
 .debug_info    0x0000000000000000      0x12a ./Src/7_segmant.o
 .debug_info    0x000000000000012a       0xc7 ./Src/Delay.o
 .debug_info    0x00000000000001f1      0x28c ./Src/GPIO.o
 .debug_info    0x000000000000047d      0x19b ./Src/RCC.o
 .debug_info    0x0000000000000618      0x18b ./Src/Systick.o
 .debug_info    0x00000000000007a3      0x260 ./Src/app.o
 .debug_info    0x0000000000000a03      0x1c6 ./Src/keypad.o
 .debug_info    0x0000000000000bc9      0x280 ./Src/main.o
 .debug_info    0x0000000000000e49       0x23 ./Startup/startup_stm32f103c8tx.o

.debug_abbrev   0x0000000000000000      0x81e
 .debug_abbrev  0x0000000000000000       0xb0 ./Src/7_segmant.o
 .debug_abbrev  0x00000000000000b0       0x87 ./Src/Delay.o
 .debug_abbrev  0x0000000000000137      0x10c ./Src/GPIO.o
 .debug_abbrev  0x0000000000000243       0xfd ./Src/RCC.o
 .debug_abbrev  0x0000000000000340       0xe0 ./Src/Systick.o
 .debug_abbrev  0x0000000000000420      0x179 ./Src/app.o
 .debug_abbrev  0x0000000000000599       0xfa ./Src/keypad.o
 .debug_abbrev  0x0000000000000693      0x179 ./Src/main.o
 .debug_abbrev  0x000000000000080c       0x12 ./Startup/startup_stm32f103c8tx.o

.debug_aranges  0x0000000000000000      0x1f8
 .debug_aranges
                0x0000000000000000       0x30 ./Src/7_segmant.o
 .debug_aranges
                0x0000000000000030       0x20 ./Src/Delay.o
 .debug_aranges
                0x0000000000000050       0x50 ./Src/GPIO.o
 .debug_aranges
                0x00000000000000a0       0x28 ./Src/RCC.o
 .debug_aranges
                0x00000000000000c8       0x48 ./Src/Systick.o
 .debug_aranges
                0x0000000000000110       0x70 ./Src/app.o
 .debug_aranges
                0x0000000000000180       0x28 ./Src/keypad.o
 .debug_aranges
                0x00000000000001a8       0x28 ./Src/main.o
 .debug_aranges
                0x00000000000001d0       0x28 ./Startup/startup_stm32f103c8tx.o

.debug_rnglists
                0x0000000000000000      0x159
 .debug_rnglists
                0x0000000000000000       0x22 ./Src/7_segmant.o
 .debug_rnglists
                0x0000000000000022       0x13 ./Src/Delay.o
 .debug_rnglists
                0x0000000000000035       0x39 ./Src/GPIO.o
 .debug_rnglists
                0x000000000000006e       0x1a ./Src/RCC.o
 .debug_rnglists
                0x0000000000000088       0x31 ./Src/Systick.o
 .debug_rnglists
                0x00000000000000b9       0x52 ./Src/app.o
 .debug_rnglists
                0x000000000000010b       0x1b ./Src/keypad.o
 .debug_rnglists
                0x0000000000000126       0x1a ./Src/main.o
 .debug_rnglists
                0x0000000000000140       0x19 ./Startup/startup_stm32f103c8tx.o

.debug_macro    0x0000000000000000     0x1a38
 .debug_macro   0x0000000000000000       0x96 ./Src/7_segmant.o
 .debug_macro   0x0000000000000096      0xaa2 ./Src/7_segmant.o
 .debug_macro   0x0000000000000b38       0x22 ./Src/7_segmant.o
 .debug_macro   0x0000000000000b5a       0x46 ./Src/7_segmant.o
 .debug_macro   0x0000000000000ba0       0x22 ./Src/7_segmant.o
 .debug_macro   0x0000000000000bc2       0x8e ./Src/7_segmant.o
 .debug_macro   0x0000000000000c50       0x51 ./Src/7_segmant.o
 .debug_macro   0x0000000000000ca1      0x103 ./Src/7_segmant.o
 .debug_macro   0x0000000000000da4       0x6a ./Src/7_segmant.o
 .debug_macro   0x0000000000000e0e      0x1df ./Src/7_segmant.o
 .debug_macro   0x0000000000000fed       0x2e ./Src/7_segmant.o
 .debug_macro   0x000000000000101b       0xe2 ./Src/7_segmant.o
 .debug_macro   0x00000000000010fd       0x16 ./Src/7_segmant.o
 .debug_macro   0x0000000000001113       0x7b ./Src/Delay.o
 .debug_macro   0x000000000000118e       0x16 ./Src/Delay.o
 .debug_macro   0x00000000000011a4       0x8d ./Src/GPIO.o
 .debug_macro   0x0000000000001231       0x9a ./Src/GPIO.o
 .debug_macro   0x00000000000012cb       0x96 ./Src/RCC.o
 .debug_macro   0x0000000000001361       0xee ./Src/RCC.o
 .debug_macro   0x000000000000144f       0x40 ./Src/RCC.o
 .debug_macro   0x000000000000148f       0x5e ./Src/RCC.o
 .debug_macro   0x00000000000014ed       0x96 ./Src/Systick.o
 .debug_macro   0x0000000000001583       0x2e ./Src/Systick.o
 .debug_macro   0x00000000000015b1       0x3a ./Src/Systick.o
 .debug_macro   0x00000000000015eb       0x16 ./Src/Systick.o
 .debug_macro   0x0000000000001601       0xb0 ./Src/app.o
 .debug_macro   0x00000000000016b1       0x82 ./Src/app.o
 .debug_macro   0x0000000000001733       0x28 ./Src/app.o
 .debug_macro   0x000000000000175b       0xa2 ./Src/keypad.o
 .debug_macro   0x00000000000017fd       0x82 ./Src/keypad.o
 .debug_macro   0x000000000000187f       0xcb ./Src/main.o
 .debug_macro   0x000000000000194a       0xee ./Src/main.o

.debug_line     0x0000000000000000     0x2a5a
 .debug_line    0x0000000000000000      0x4d8 ./Src/7_segmant.o
 .debug_line    0x00000000000004d8      0x447 ./Src/Delay.o
 .debug_line    0x000000000000091f      0x645 ./Src/GPIO.o
 .debug_line    0x0000000000000f64      0x4e6 ./Src/RCC.o
 .debug_line    0x000000000000144a      0x4e3 ./Src/Systick.o
 .debug_line    0x000000000000192d      0x704 ./Src/app.o
 .debug_line    0x0000000000002031      0x4cd ./Src/keypad.o
 .debug_line    0x00000000000024fe      0x4e1 ./Src/main.o
 .debug_line    0x00000000000029df       0x7b ./Startup/startup_stm32f103c8tx.o

.debug_str      0x0000000000000000     0x5221
 .debug_str     0x0000000000000000     0x3ff1 ./Src/7_segmant.o
                                       0x4155 (size before relaxing)
 .debug_str     0x0000000000003ff1       0x15 ./Src/Delay.o
                                       0x3d60 (size before relaxing)
 .debug_str     0x0000000000004006      0x468 ./Src/GPIO.o
                                       0x44b5 (size before relaxing)
 .debug_str     0x000000000000446e      0x46d ./Src/RCC.o
                                       0x421a (size before relaxing)
 .debug_str     0x00000000000048db      0x282 ./Src/Systick.o
                                       0x4037 (size before relaxing)
 .debug_str     0x0000000000004b5d      0x235 ./Src/app.o
                                       0x440f (size before relaxing)
 .debug_str     0x0000000000004d92       0x74 ./Src/keypad.o
                                       0x4238 (size before relaxing)
 .debug_str     0x0000000000004e06      0x3ec ./Src/main.o
                                       0x4a7d (size before relaxing)
 .debug_str     0x00000000000051f2       0x2f ./Startup/startup_stm32f103c8tx.o
                                         0x6d (size before relaxing)

.debug_frame    0x0000000000000000      0x5ec
 .debug_frame   0x0000000000000000       0x74 ./Src/7_segmant.o
 .debug_frame   0x0000000000000074       0x34 ./Src/Delay.o
 .debug_frame   0x00000000000000a8      0x124 ./Src/GPIO.o
 .debug_frame   0x00000000000001cc       0x58 ./Src/RCC.o
 .debug_frame   0x0000000000000224       0xe0 ./Src/Systick.o
 .debug_frame   0x0000000000000304      0x170 ./Src/app.o
 .debug_frame   0x0000000000000474       0x50 ./Src/keypad.o
 .debug_frame   0x00000000000004c4       0x54 ./Src/main.o
 .debug_frame   0x0000000000000518       0x2c C:/ST/STM32CubeIDE_1.13.2/STM32CubeIDE/plugins/com.st.stm32cube.ide.mcu.externaltools.gnu-tools-for-stm32.11.3.rel1.win32_1.1.1.202309131626/tools/bin/../lib/gcc/arm-none-eabi/11.3.1/../../../../arm-none-eabi/lib/thumb/v7-m/nofp\libc_nano.a(libc_a-init.o)
 .debug_frame   0x0000000000000544       0x4c C:/ST/STM32CubeIDE_1.13.2/STM32CubeIDE/plugins/com.st.stm32cube.ide.mcu.externaltools.gnu-tools-for-stm32.11.3.rel1.win32_1.1.1.202309131626/tools/bin/../lib/gcc/arm-none-eabi/11.3.1/thumb/v7-m/nofp\libgcc.a(_arm_addsubsf3.o)
 .debug_frame   0x0000000000000590       0x38 C:/ST/STM32CubeIDE_1.13.2/STM32CubeIDE/plugins/com.st.stm32cube.ide.mcu.externaltools.gnu-tools-for-stm32.11.3.rel1.win32_1.1.1.202309131626/tools/bin/../lib/gcc/arm-none-eabi/11.3.1/thumb/v7-m/nofp\libgcc.a(_arm_muldivsf3.o)
 .debug_frame   0x00000000000005c8       0x24 C:/ST/STM32CubeIDE_1.13.2/STM32CubeIDE/plugins/com.st.stm32cube.ide.mcu.externaltools.gnu-tools-for-stm32.11.3.rel1.win32_1.1.1.202309131626/tools/bin/../lib/gcc/arm-none-eabi/11.3.1/thumb/v7-m/nofp\libgcc.a(_arm_fixunssfsi.o)

.debug_line_str
                0x0000000000000000       0x61
 .debug_line_str
                0x0000000000000000       0x61 ./Startup/startup_stm32f103c8tx.o
                                         0x79 (size before relaxing)
